Request is: 'file'
  Target (type default) is: 'file'
  Do-script could be: 'do/file.do'
  Source could be: './file'
Request is: 'file.a'
  Target (type default) is: 'file.a'
  Do-script could be: 'do/file.a.do'
  Do-script could be: 'do/default.a.do'
    base 'file', extension 'a'
  Source could be: './file.a'
Request is: '.file.a'
  Target (type default) is: '.file.a'
  Do-script could be: 'do/.file.a.do'
  Do-script could be: 'do/default.a.do'
    base '.file', extension 'a'
  Source could be: './.file.a'
Request is: 'file.a.b'
  Target (type default) is: 'file.a.b'
  Do-script could be: 'do/file.a.b.do'
  Do-script could be: 'do/default.a.b.do'
    base 'file', extension 'a.b'
  Do-script could be: 'do/default.b.do'
    base 'file.a', extension 'b'
  Source could be: './file.a.b'
Request is: 'sub1/sub2/file'
  Target (type default) is: 'sub1/sub2/file'
  Do-script could be: 'do/sub1/sub2/file.do'
  Source could be: './sub1/sub2/file'
Request is: 'sub1/sub2/file.a.big..ext.b'
  Target (type default) is: 'sub1/sub2/file.a.big..ext.b'
  Do-script could be: 'do/sub1/sub2/file.a.big..ext.b.do'
  Do-script could be: 'do/sub1/sub2/default.a.big..ext.b.do'
    base 'file', extension 'a.big..ext.b'
  Do-script could be: 'do/sub1/sub2/default.big..ext.b.do'
    base 'file.a', extension 'big..ext.b'
  Do-script could be: 'do/sub1/sub2/default.b.do'
    base 'file.a.big..ext', extension 'b'
  Do-script could be: 'do/sub1/default.a.big..ext.b.do'
    base 'file', extension 'a.big..ext.b'
  Do-script could be: 'do/sub1/default.big..ext.b.do'
    base 'file.a', extension 'big..ext.b'
  Do-script could be: 'do/sub1/default.b.do'
    base 'file.a.big..ext', extension 'b'
  Do-script could be: 'do/default.a.big..ext.b.do'
    base 'file', extension 'a.big..ext.b'
  Do-script could be: 'do/default.big..ext.b.do'
    base 'file.a', extension 'big..ext.b'
  Do-script could be: 'do/default.b.do'
    base 'file.a.big..ext', extension 'b'
  Source could be: './sub1/sub2/file.a.big..ext.b'
Request is: 'src:file'
  Target (type src) is: 'file'
  Do-script could be: 'do/file.do'
  Source could be: './file'
Request is: 'build:file'
  Target (type build) is: 'file'
  Do-script could be: 'do/file.do'
  Source could be: './file'
Request is: '::file'
  Target (type default) is: ':file'
  Do-script could be: 'do/:file.do'
  Source could be: './:file'
Request is: ':src:file'
  Target (type default) is: 'src:file'
  Do-script could be: 'do/src:file.do'
  Source could be: './src:file'
Request is: ':build:file'
  Target (type default) is: 'build:file'
  Do-script could be: 'do/build:file.do'
  Source could be: './build:file'
Request is: 'src:src:file'
  Target (type src) is: 'src:file'
  Do-script could be: 'do/src:file.do'
  Source could be: './src:file'
