=== Testing source files => build directory ===
ok
=== Testing source files overwritten ===
ok
